// Jest Snapshot v1, https://goo.gl/fbAQLP

exports[`<StopWorkingButton /> renders 1`] = `"<ButtonWithModal buttonProps={{...}} buttonAction=\\"Stop working\\" modalBody=\\"Are you sure you want to stop working?\\" onConfirm={[Function: onConfirm]} modalSize=\\"small\\" />"`;
