// Jest Snapshot v1, https://goo.gl/fbAQLP

exports[`<ExplanationPreviewButton /> renders 1`] = `"<ButtonWithModal buttonProps={{...}} buttonAction=\\"Preview â–¶\\" modalSize=\\"medium\\" modalTitle=\\"Explanation preview\\" modalBody={{...}} confirmButtonText=\\"Submit\\" onConfirm={[Function: onConfirm]} />"`;
