// Jest Snapshot v1, https://goo.gl/fbAQLP

exports[`<PreviewButton /> renders 1`] = `"<ButtonWithModal buttonProps={{...}} buttonAction=\\"Preview â–¶\\" modalSize=\\"medium\\" modalTitle=\\"Explanation preview\\" modalBody=\\"Hello\\" confirmButtonText=\\"Submit\\" onConfirm={[Function: onConfirm]} />"`;
